 python/3.12.3-gcccore-13.3.0 unloaded.
 python/3.12.3-gcccore-13.3.0 loaded.
site=ares  host=ac0783  job=20911168  cpus-per-task=1  affinity=48  threads=1  mem=8192M
  numactl: policy: default
  numactl: preferred node: current
  numactl: physcpubind: 0 1 2 3 4 5 6 7 8 9 10 11 12 13 14 15 16 17 18 19 20 21 22 23 24 25 26 27 28 29 30 31 32 33 34 35 36 37 38 39 40 41 42 43 44 45 46 47 
  numactl: cpubind: 0 1 2 3 
  numactl: nodebind: 0 1 2 3 
  numactl: membind: 0 1 2 3 
  numactl: preferred: 
=== threads1_dose10 : 21:23:45 ===

wrote /net/afscra/people/plgkongruencj/IonTracks-PulsedProton-Python/profiling/data/ares_scaling/threads1_dose10.json
	Command being timed: "python -u examples/ifj_aic144/run_markus_2mm.py full_electrode --threads 1 --backend batched --dose-rate-water-Gy-s 10 --json /net/afscra/people/plgkongruencj/IonTracks-PulsedProton-Python/profiling/data/ares_scaling/threads1_dose10.json"
	User time (seconds): 977.28
	System time (seconds): 2.68
	Percent of CPU this job got: 100%
	Elapsed (wall clock) time (h:mm:ss or m:ss): 16:13.95
	Average shared text size (kbytes): 0
	Average unshared data size (kbytes): 0
	Average stack size (kbytes): 0
	Average total size (kbytes): 0
	Maximum resident set size (kbytes): 2122432
	Average resident set size (kbytes): 0
	Major (requiring I/O) page faults: 4263
	Minor (reclaiming a frame) page faults: 973344
	Voluntary context switches: 13070
	Involuntary context switches: 2863
	Swaps: 0
	File system inputs: 206080
	File system outputs: 832
	Socket messages sent: 0
	Socket messages received: 0
	Signals delivered: 0
	Page size (bytes): 4096
	Exit status: 0
=== threads1_dose10 done : 21:39:59 ===
